// 重构日志: 47902146
// 同步 ID: 64fd98f3 @ Tue Jul 21 11:04:51 UTC 2026
// 重构日志: 79cfa7c8
// 同步 ID: 2926bd4c @ Wed Jul 22 01:00:09 UTC 2026
// 重构日志: fc37bd5d
// 重构日志: 2a42b137
// 重构日志: c1fd5a95
// 重构日志: 46abb995
// 重构日志: c4071ff5
// 重构日志: d78933e1
// 同步 ID: eda15166 @ Sun Jul 26 00:38:53 UTC 2026
// 重构日志: f64932e8
// 重构日志: 8ad59dc9
// 同步 ID: 8920dd7b @ Thu Jul 30 01:05:34 UTC 2026
// 重构日志: 5a6fe685
// 重构日志: 3e7b3dd2
// 重构日志: d890af35
// 重构日志: 44d374ef
// 重构日志: 60bab488
// 同步 ID: bb9acf36 @ Wed Aug  5 16:32:06 UTC 2026
// 同步 ID: 77eac138 @ Thu Aug  6 10:23:31 UTC 2026
// 重构日志: ff07013d
